// Jest Snapshot v1, https://goo.gl/fbAQLP

exports[`sidebar component shows news articles 1`] = `"<h1>Live newsfeed</h1><div class=\\"live-news-card\\"><hr><h4 class=\\"live-news-title\\"><a href=\\"/article/article 1\\">article 1</a></h4><p class=\\"live-news-intro\\"></p></div><div class=\\"live-news-card\\"><hr><h4 class=\\"live-news-title\\"><a href=\\"/article/article 2\\">article 2</a></h4><p class=\\"live-news-intro\\"></p></div>"`;
